// Jest Snapshot v1, https://goo.gl/fbAQLP

exports[`CurrencyExchangePanel -  renders correctly 1`] = `
<span>
  €
  1 = 
  $
  1.1354
</span>
`;
